
=== 鍚堝悓鏉℃鍗忓悓璇勫绯荤粺 - 绔埌绔獙鏀舵祴璇?===

鉁?admin 鐧诲綍鎴愬姛
鉁?鍒涘缓鍚堝悓: 2026骞村害渚涘簲鍟嗗悎浣滄鏋跺崗璁?(ID=02e7f23c...)
鉁?瀵煎叆鏉℃: 鎴愬姛 5 鏉★紝澶辫触 0 鏉?鉁?鏉℃鍒楄〃鍏?5 鏉★紝鍏朵腑楂?涓ラ噸椋庨櫓 1 鏉?
鉁?business1 鐧诲綍鎴愬姛
鉁?business1 瀵?[3.2 浠樻] 鍙戣捣璇勮 (鍐茬獊=false)
鉁?business1 瀵?[5.1 淇濆瘑] 鍙戣捣銆愭硶鍔′笓灞炪€戜慨鏀瑰缓璁?(base_v=1)

鉂?娴嬭瘯澶辫触璺緞 1锛歜usiness2 閫氳繃銆愭硶鍔′笓灞炪€戝缓璁?   鉁?棰勬湡 403: 姝や负娉曞姟涓撳睘寤鸿锛屼笟鍔¤鑹叉棤鏉冨鐞?
鉂?娴嬭瘯澶辫触璺緞 2锛氫笉濉師鍥犻┏鍥炲缓璁?   鉁?棰勬湡 400: 椹冲洖鍘熷洜涓嶈兘涓虹┖

鉁?姝ｅ父璺緞锛歭egal1 澶勭悊寤鸿
   閫氳繃 [3.2 浠樻] 璇勮锛岀姸鎬?approved
   鍚堝苟 [5.1 淇濆瘑] 淇敼寤鸿 -> 鏂扮増鏈?v2

鉂?娴嬭瘯澶辫触璺緞 3锛氬熀浜庤繃鏈熺増鏈悎骞讹紙骞跺彂鍐茬獊 409锛?   legal2 鏁呮剰鍩轰簬 v1 鎻愪氦寤鸿锛屽垱寤烘椂鍐茬獊=true锛堝簲涓?true锛?   鉁?棰勬湡 409 鍐茬獊: 鐗堟湰鍐茬獊锛氬缓璁熀浜庢棫鐗堟湰鎻愪氦锛屾潯娆惧凡鏈夋柊鐗堟湰锛岃鍏堝闃呭樊寮傚悗閲嶆柊鎻愪氦, base_v=1, current_v=2

鉂?娴嬭瘯澶辫触璺緞 4锛氬洖婊氬埌涓嶅瓨鍦ㄧ殑 v99
   鉁?棰勬湡 404: 鐩爣鐗堟湰 v99 涓嶅皬浜庡綋鍓嶇増鏈?v2锛屾棤闇€鍥炴粴

鉁?姝ｅ父璺緞锛歛dmin 鍥炴粴 [5.1 淇濆瘑] 鑷?v1
   鍥炴粴鎴愬姛锛屾柊鐗堟湰鍙?v3锛堝唴瀹?= v1锛?
鉁?瀵煎嚭璇勫鍖咃紙鍚増鏈€佸缓璁€佸璁℃棩蹇楋級
   鍏?5 鏉℃潯娆? 3 鏉″缓璁? 9 鏉″璁℃棩蹇?
鉁?瀹¤鏃ュ織鏍告煡
   鍚勭被鎿嶄綔璁℃暟: {
  login: 8,
  create_contract: 1,
  import_clauses: 1,
  create_suggestion: 3,
  approve_suggestion: 1,
  merge_suggestion: 1,
  new_version: 1,
  rollback: 1
}

馃帀 ================ 鍏ㄩ儴楠屾敹娴嬭瘯閫氳繃锛?================

鉁? 鐧诲綍 & 鐢ㄦ埛瑙掕壊浣撶郴
鉁? 鍚堝悓鍒涘缓 + 鏉℃鎵归噺瀵煎叆
鉁? 鏉℃鍒楄〃鎸夐闄╃瓑绾?& 寰呭鐞嗙姸鎬佽繃婊?鉁? 璇勮 & 淇敼寤鸿锛堝惈娉曞姟/涓氬姟涓撳睘锛?鉁? 鉂?澶辫触1锛氫笟鍔¤秺鏉冨鐞嗘硶鍔′笓灞炲缓璁?(403)
鉁? 鉂?澶辫触2锛氬喅绛栫己灏戝師鍥?(400)
鉁? 閫氳繃璇勮 + 鍚堝苟淇敼寤鸿锛堢敓鎴愭柊鐗堟湰锛?鉁? 鉂?澶辫触3锛氬熀浜庢棫鐗堟湰鍚堝苟 (409 鍐茬獊)
鉁? 鉂?澶辫触4锛氬洖婊氬埌涓嶅瓨鍦ㄧ増鏈?(404)
鉁? 姝ｅ父鍥炴粴鍘嗗彶鐗堟湰锛堢敓鎴愭柊鐗堟湰锛?鉁? 璇勫鍖呭鍑猴紙瀹屾暣鐗堟湰+寤鸿+瀹¤鏃ュ織锛?鉁? 瀹屾暣鍐崇瓥鏃ュ織璁板叆瀹¤

